CLIENT_HANDSHAKE_TRAFFIC_SECRET c1d844d0b4e1d68bea26ff35447e0950170aa84fbea2036e470142bb3ae63c0b 2c6385ca7ea55af6bd046b075bb3bddb325875f8866f166c5ac07029faeb9ed1
SERVER_HANDSHAKE_TRAFFIC_SECRET c1d844d0b4e1d68bea26ff35447e0950170aa84fbea2036e470142bb3ae63c0b a7337998fc9e01a7b118b55ca6e596993c833cd9c27783ddf8b7618d7d65efba
CLIENT_TRAFFIC_SECRET_0 c1d844d0b4e1d68bea26ff35447e0950170aa84fbea2036e470142bb3ae63c0b 79141ef2237e333affd44ec0c3b820ac41a7500ccb7939dd2456c962d7200810
SERVER_TRAFFIC_SECRET_0 c1d844d0b4e1d68bea26ff35447e0950170aa84fbea2036e470142bb3ae63c0b 64bfd9b5e400f2dfeb95d1342388e00c6410bb83dd59b183e89de3f170cde5c8
EXPORTER_SECRET c1d844d0b4e1d68bea26ff35447e0950170aa84fbea2036e470142bb3ae63c0b 19438127dd74f07348906ef3a0882c555579525558a756210ad2942cb81ebc4d
CLIENT_HANDSHAKE_TRAFFIC_SECRET 737d898b8c27c3af0b8dfa3ad4bbf141133519355d7b1a3cbc886c29f22036fe 999d164827cba846fcddee58af4a1d497d7d6613fabe96452af7e6f48d062ead
SERVER_HANDSHAKE_TRAFFIC_SECRET 737d898b8c27c3af0b8dfa3ad4bbf141133519355d7b1a3cbc886c29f22036fe 05c11f8f82595e0d3cdf2d160b14543dd4b15929ac462389ef8869f2842ada8f
CLIENT_TRAFFIC_SECRET_0 737d898b8c27c3af0b8dfa3ad4bbf141133519355d7b1a3cbc886c29f22036fe fd396aac54c20d3f4494d32402ac38a39d0ba345bb8803484302801f3f0a1900
SERVER_TRAFFIC_SECRET_0 737d898b8c27c3af0b8dfa3ad4bbf141133519355d7b1a3cbc886c29f22036fe 636663a7c5e6c4064178dc8e30e784411544ee0335b54acdf74829cab8f0a353
EXPORTER_SECRET 737d898b8c27c3af0b8dfa3ad4bbf141133519355d7b1a3cbc886c29f22036fe 310a32c3211ac613a965372816a208f911704ff6cdaea611b36ba57d9085531e
CLIENT_HANDSHAKE_TRAFFIC_SECRET aad0b1b005b6ab775b45e4349bdd989569d569312081e6635ffebef93ac127a1 7a9c76e983588233faab0b5de04e840f00c182ea702977ed5fc675e2bed17a87
SERVER_HANDSHAKE_TRAFFIC_SECRET aad0b1b005b6ab775b45e4349bdd989569d569312081e6635ffebef93ac127a1 656332a08f8970aac59aa75ca13e68860fa019bfa68b0fc11c78bb273a06a612
CLIENT_TRAFFIC_SECRET_0 aad0b1b005b6ab775b45e4349bdd989569d569312081e6635ffebef93ac127a1 d2bc457e6e1e94d7bdd7febc84d0a0771726b1eb2d9a71ee95a15e723cd2b5ae
SERVER_TRAFFIC_SECRET_0 aad0b1b005b6ab775b45e4349bdd989569d569312081e6635ffebef93ac127a1 cd9ed91eb5bd9fcc73f4b48f8740b5b004f4193890d1e629d8ffee31e238029a
EXPORTER_SECRET aad0b1b005b6ab775b45e4349bdd989569d569312081e6635ffebef93ac127a1 da2864f5a9e98cefe95101984d5570be63c711c1433eda216c47a633372cea49
CLIENT_HANDSHAKE_TRAFFIC_SECRET 5588bc06e25569bebc3cccd3adea7d76fef3611d25a4393b46b58bb6b291edbc b6dc680e5e3e628daa66ce33d7a43f66b80aec36c527b3aa68d5bdca490448f1
SERVER_HANDSHAKE_TRAFFIC_SECRET 5588bc06e25569bebc3cccd3adea7d76fef3611d25a4393b46b58bb6b291edbc f8d9b48d680e418ee6005b0bca0337618f89168bdf202090b6e696ccce2fb237
CLIENT_TRAFFIC_SECRET_0 5588bc06e25569bebc3cccd3adea7d76fef3611d25a4393b46b58bb6b291edbc daf69e32c381b59084a960acf0885355fb534c75fa1833dabfc7288012410965
SERVER_TRAFFIC_SECRET_0 5588bc06e25569bebc3cccd3adea7d76fef3611d25a4393b46b58bb6b291edbc 0cd03abdca15dc56ffa1ce9679fa9d5f40e24d23627b6a86382da530bdc2d864
EXPORTER_SECRET 5588bc06e25569bebc3cccd3adea7d76fef3611d25a4393b46b58bb6b291edbc b7ff7d99374a6702068e6f4c49674777745944f0bedd874633d39815593cee20
CLIENT_RANDOM 19ec26792b8e65c9d5417cac069355f6602168a744df589cef06585d5ddcde87 e141c5f1c15745282f814c36b83db0e41da12cc803f0aca093dc6c9a3600ad52659154bfc28fbbd366a96f84e29feacf
CLIENT_HANDSHAKE_TRAFFIC_SECRET 747399c06c03af537150774f7666d912a0545b05ca57b417ee399b203aefe443 12868c5a1ea86334fb14841df768645c784bcb85e6c1a5d288180e52fc0e8097
SERVER_HANDSHAKE_TRAFFIC_SECRET 747399c06c03af537150774f7666d912a0545b05ca57b417ee399b203aefe443 b14f6214744af8894f1251edd3062d60abb330a3c07ffe3131e175487377017e
CLIENT_TRAFFIC_SECRET_0 747399c06c03af537150774f7666d912a0545b05ca57b417ee399b203aefe443 9fdca8b81e4f1a2c86767e1b81c6e706e8989de9c4cf2410aaecfbe1de22d57d
SERVER_TRAFFIC_SECRET_0 747399c06c03af537150774f7666d912a0545b05ca57b417ee399b203aefe443 767dfa4ea00edeb79c5f684cd507ed36b8ac3917a6fee0a10e81b3455b5035b6
EXPORTER_SECRET 747399c06c03af537150774f7666d912a0545b05ca57b417ee399b203aefe443 d16af4cb6ecac2f3b47b11ef3ffe3b828c26cd7dfa2be26bef89564f9ce26bee
CLIENT_HANDSHAKE_TRAFFIC_SECRET 7e5b5004a5e02968927de4b1380d5ef7046145e589fa6c83270ab3c459dc939d 38ee1e3aa6409532e22ce730a5b61c7643f8e8590a203c7c5c7a05e132901edc
SERVER_HANDSHAKE_TRAFFIC_SECRET 7e5b5004a5e02968927de4b1380d5ef7046145e589fa6c83270ab3c459dc939d 1a3b8bac59f7c07c1b1138dcccf315d1d41609936354d417385c7d79d2d2ce0b
CLIENT_TRAFFIC_SECRET_0 7e5b5004a5e02968927de4b1380d5ef7046145e589fa6c83270ab3c459dc939d 635ce08e3e82ae9bd045882d3fd0af2fb620ee020aebb7605ab36feba2207a69
SERVER_TRAFFIC_SECRET_0 7e5b5004a5e02968927de4b1380d5ef7046145e589fa6c83270ab3c459dc939d c76098bf63a69db91c5310b8eb896e160467a3152973a628780d6cfe8ed86ae9
EXPORTER_SECRET 7e5b5004a5e02968927de4b1380d5ef7046145e589fa6c83270ab3c459dc939d 448192da21f40a0e5c5a5786db9054988fde4e34cd616364af01d9d3a92e68ed
CLIENT_RANDOM 3aeeb32273297312b3443eb4c42eac7dd9c3c8ba4c086d551e7f5fbc67a3af1a 624d1f82e672176aaf371b04201f2006de2503719ce46944a5a5f1b01f7f2b61f029dae5c050d9d11dbf1b8cd169baba
CLIENT_RANDOM 79052aeeaf3866321f30e7014141cd666610f844ef3199148187f6804b1fd463 fcfc2ab188c0d6360a595dec48d6a1aadf65aba76a09881f5036bce217cc22fabca3461e54f6574bd4c4a78b52230e37
CLIENT_HANDSHAKE_TRAFFIC_SECRET 4c6d87bc497cda51c7c6269b11e4be77da04aa3432a4ab7c4f3388c98e6e93b7 94d90014150e3cce5c5e4c5b562c4911c595147e2497f58b6607a6e5152a4f23
SERVER_HANDSHAKE_TRAFFIC_SECRET 4c6d87bc497cda51c7c6269b11e4be77da04aa3432a4ab7c4f3388c98e6e93b7 52a97aa2443cd2e8ef0466be39424d03f47770780cf4321a853eba3b1f7e9709
CLIENT_TRAFFIC_SECRET_0 4c6d87bc497cda51c7c6269b11e4be77da04aa3432a4ab7c4f3388c98e6e93b7 db6fd313824fd729cc3a94d34f06b95211da25de6f2bf4ffce5528f74b4dbfb8
SERVER_TRAFFIC_SECRET_0 4c6d87bc497cda51c7c6269b11e4be77da04aa3432a4ab7c4f3388c98e6e93b7 a114aad444dbd9ba947fd8a56c3f1421ebf877fe1ed6664dd58aac181fb1d395
EXPORTER_SECRET 4c6d87bc497cda51c7c6269b11e4be77da04aa3432a4ab7c4f3388c98e6e93b7 963b07bb199920c04bde6e1a9e6b46c6ca504e557ae10141aa0101dd24222866
CLIENT_HANDSHAKE_TRAFFIC_SECRET 41feea6de210e3382f08dd03004a48270b8539a63e27c7d0e615dfbd76d54837 bfaac3262c477e842f208baf1193db51951fc64613507340551d1745038f8468
SERVER_HANDSHAKE_TRAFFIC_SECRET 41feea6de210e3382f08dd03004a48270b8539a63e27c7d0e615dfbd76d54837 bb2505b4308134ddd778de21560835bcbf1ebc2a916a591f1c006a2642e78aa6
CLIENT_TRAFFIC_SECRET_0 41feea6de210e3382f08dd03004a48270b8539a63e27c7d0e615dfbd76d54837 2bcc41633f3befd93c1f534076a09df75e54f9be92a5839aa79620bb65cd83c7
SERVER_TRAFFIC_SECRET_0 41feea6de210e3382f08dd03004a48270b8539a63e27c7d0e615dfbd76d54837 89a889158f26326df06a2d58cb06694f971a4a597373ee59dae328bd2d4b5a6b
EXPORTER_SECRET 41feea6de210e3382f08dd03004a48270b8539a63e27c7d0e615dfbd76d54837 4b8ca0e42636a27c216ca2d021b9887f8e3ba84740cd2e51ab1a818d985d24d6
CLIENT_HANDSHAKE_TRAFFIC_SECRET 9f392263b178f11ab86f5f5204c4b48ef6bcb00ca117445f0c6530b29756513e c45d57d6f19a4947d3baa08325ced3009f50e97fd182bcfa82de782345b69ed1
SERVER_HANDSHAKE_TRAFFIC_SECRET 9f392263b178f11ab86f5f5204c4b48ef6bcb00ca117445f0c6530b29756513e 65f9093e27e1d61b5c85ffac6085077d26ad011f8a3e58dadc597ccfef58b133
CLIENT_TRAFFIC_SECRET_0 9f392263b178f11ab86f5f5204c4b48ef6bcb00ca117445f0c6530b29756513e 8f4ff1f883640a579568c49978b2e1747d0c8efcdd11790aa091facd3f9d8acc
SERVER_TRAFFIC_SECRET_0 9f392263b178f11ab86f5f5204c4b48ef6bcb00ca117445f0c6530b29756513e 43f094cc46fadaa1f6ad75497da740b4ee613d00a76efbec8da22e294d6ad230
EXPORTER_SECRET 9f392263b178f11ab86f5f5204c4b48ef6bcb00ca117445f0c6530b29756513e b64ab36c31db0249841b6b4a9e05774f3c2d3663e554dea84c21a99022dd6752
CLIENT_HANDSHAKE_TRAFFIC_SECRET e5d4282007f22f381635e3950a0439b3a984c5a34a13588b7afca6448ed76ad2 92eac29312d6e2e9410b434cf214cd02b093c9c7b97418ed57e2064d01e848f9
SERVER_HANDSHAKE_TRAFFIC_SECRET e5d4282007f22f381635e3950a0439b3a984c5a34a13588b7afca6448ed76ad2 f963d88e3ac625658321d63c78234cce04a16d277657ab0d4ff4604c299888eb
CLIENT_TRAFFIC_SECRET_0 e5d4282007f22f381635e3950a0439b3a984c5a34a13588b7afca6448ed76ad2 8d3a96a4b780c421e8c0e7d3b4c26e158d0388462407e712edf89d116822e6d0
SERVER_TRAFFIC_SECRET_0 e5d4282007f22f381635e3950a0439b3a984c5a34a13588b7afca6448ed76ad2 d51347608f3df5eefc67b331b21785a3b81064e17331107ef0e21e19b1f68c4e
EXPORTER_SECRET e5d4282007f22f381635e3950a0439b3a984c5a34a13588b7afca6448ed76ad2 ad62357eebc4215d5baa539409f68ae7221097c3e55cdced1d12999c95edce89
CLIENT_HANDSHAKE_TRAFFIC_SECRET a12abd34510c518923f369db58364cc0ec8a1847e3eba3809899096feca50e91 bff5759fba941d69a44e514603e85f2df0682d7e1c4a03e8fe61a28f4293af37
SERVER_HANDSHAKE_TRAFFIC_SECRET a12abd34510c518923f369db58364cc0ec8a1847e3eba3809899096feca50e91 08cd95374b3466afd9ff1977a898c9bd8dc617343d85557bc8e400a30ed78603
CLIENT_TRAFFIC_SECRET_0 a12abd34510c518923f369db58364cc0ec8a1847e3eba3809899096feca50e91 14ca0477de059c5d43f48627538a6b92439c126b95760e1cf6dbbd71773b199d
SERVER_TRAFFIC_SECRET_0 a12abd34510c518923f369db58364cc0ec8a1847e3eba3809899096feca50e91 950a7be7c7242b1e85d4d1d968d74602c953966a1016453cc69eeef7b6d35f8d
EXPORTER_SECRET a12abd34510c518923f369db58364cc0ec8a1847e3eba3809899096feca50e91 52a9091ddc4c7f4a7a34d34591168b952cf697116b8b2050204948ebf14f330a
CLIENT_HANDSHAKE_TRAFFIC_SECRET c9294b554720ae985c6b74e8e28ee64c058a20a36ef07c823edf3504672d5097 932e9c9cce3a002c2363eaee4a8f656ade57f421905d8867291252e9931e9bd9
SERVER_HANDSHAKE_TRAFFIC_SECRET c9294b554720ae985c6b74e8e28ee64c058a20a36ef07c823edf3504672d5097 fc5976c02f8fbab0f8a3bc0e99ec56dc2223de65c16f0445303b87524a6c55f7
CLIENT_TRAFFIC_SECRET_0 c9294b554720ae985c6b74e8e28ee64c058a20a36ef07c823edf3504672d5097 0c321673f9514792528d4184ce44d41470c06cef965255d513689dc81b8a289a
SERVER_TRAFFIC_SECRET_0 c9294b554720ae985c6b74e8e28ee64c058a20a36ef07c823edf3504672d5097 74d65009bdb1c56907ca0f1d296fccacfeb411a14b49bc9575ed0fde208f79ad
EXPORTER_SECRET c9294b554720ae985c6b74e8e28ee64c058a20a36ef07c823edf3504672d5097 4366f5c0b931063f0a28f89c9854d8b9d83f605c6f6bd6b4707217f0d569d055
CLIENT_HANDSHAKE_TRAFFIC_SECRET a30d213b8e5bc6f49457cc08a9aa9e15086d7254a2893f44e0a6fbfaa834a38a 87e165a59fd420249a3a3ed3850334fb94e81a7e2eeb48cfd5ef483e76d218d8
SERVER_HANDSHAKE_TRAFFIC_SECRET a30d213b8e5bc6f49457cc08a9aa9e15086d7254a2893f44e0a6fbfaa834a38a ee9e068d83033943525c802a97f475d6c38b6a760f657eac214a71c3245eb479
CLIENT_HANDSHAKE_TRAFFIC_SECRET e4ceee5e1b4ed4f49244e0b25d3d062f5a26856c46115adeac6ff49144eb6077 05324597c480964fde0143267668819567712d9149efd83b9d68d584cede6edb
SERVER_HANDSHAKE_TRAFFIC_SECRET e4ceee5e1b4ed4f49244e0b25d3d062f5a26856c46115adeac6ff49144eb6077 0a68d95745bb10b5e4eb276329819eebbc1361290bbca93584bfe6c23a167366
CLIENT_TRAFFIC_SECRET_0 e4ceee5e1b4ed4f49244e0b25d3d062f5a26856c46115adeac6ff49144eb6077 b6112298cc4d5770d2a3b12ca79e45caa4cf2172a6d52d01dd746e92a10cd2fc
SERVER_TRAFFIC_SECRET_0 e4ceee5e1b4ed4f49244e0b25d3d062f5a26856c46115adeac6ff49144eb6077 3b226cea08dffd71af40b30044d0abff5c5379f1e44471b6e263617777d31eb9
EXPORTER_SECRET e4ceee5e1b4ed4f49244e0b25d3d062f5a26856c46115adeac6ff49144eb6077 1b2c1f43d61eb66d5f477a6cf9aa895e788fb3f6574a9a53ba1de1ef8b5b203c
CLIENT_HANDSHAKE_TRAFFIC_SECRET 7188c6ea9c1b06377ad101933dc4083e845f7e5bfa99059f4f4b01be0e0aa68c 22466608585946c5473e0ac92d58873a36d20c3aa51b5bb4e8494c6b7367884f
SERVER_HANDSHAKE_TRAFFIC_SECRET 7188c6ea9c1b06377ad101933dc4083e845f7e5bfa99059f4f4b01be0e0aa68c a8bfe2dec9f37aeb6aa7509fee7bee9c91577382a182846e96f79f18189751a1
CLIENT_HANDSHAKE_TRAFFIC_SECRET b6721a33e979467a4eec52f0573b9c154f756f6ee1a9df4f4faa2578a77aa6c6 30f3fc83c3235376a14ab272b7410f8b95cf1e3b50685794eb854637ba7f3ed2
SERVER_HANDSHAKE_TRAFFIC_SECRET b6721a33e979467a4eec52f0573b9c154f756f6ee1a9df4f4faa2578a77aa6c6 3c7643b18c27a80fef65d6f26632ec68e1b679425ad7be890cefaaf834e563c2
CLIENT_HANDSHAKE_TRAFFIC_SECRET 5d0c990268e517e8b05e3921c1b0dd2b572db62ad5718e042e5e6f7ef8a2167d 8c0705fce6c8872a65461b9a1af676fac996d60f7bd5cce6c4e31293368af6d4
SERVER_HANDSHAKE_TRAFFIC_SECRET 5d0c990268e517e8b05e3921c1b0dd2b572db62ad5718e042e5e6f7ef8a2167d 732a9d6b230438aed6cfb71a9bb6eeeb3eeaefec806d9c4d0205163370fc1ee5
CLIENT_HANDSHAKE_TRAFFIC_SECRET a6153e5eac19b246dfabb8dfd7efa1abc6402b3c386629c10964592ee3f829e5 34b0a30188cbbade47360b4869d61b9ab2652a6d291ae0d976ac71830f18084d
SERVER_HANDSHAKE_TRAFFIC_SECRET a6153e5eac19b246dfabb8dfd7efa1abc6402b3c386629c10964592ee3f829e5 d246971c886093f0aef063e0145f94a13f22be17d69100499015ea7fd559cc5c
CLIENT_HANDSHAKE_TRAFFIC_SECRET d69ba5d7e109b21f979a5f259b5e991acbe3f33d189291c9c23274d10d11d81a 4d70456e7572b71daebf0eb129ad824d9cf80678111725ee2d263320fb943974
SERVER_HANDSHAKE_TRAFFIC_SECRET d69ba5d7e109b21f979a5f259b5e991acbe3f33d189291c9c23274d10d11d81a d46c478f24a12cb1d37a7d53e0ee3ace5d0310774f8d35408520866c7fc64f00
CLIENT_HANDSHAKE_TRAFFIC_SECRET 768e4c0fb37011755976148c28b805d70f8532db48cdcdb5560bc1d441f3c4e4 418400d02f42ed21a7de437d1f17566eac598bde619248a77fb10f6a793a8c61
SERVER_HANDSHAKE_TRAFFIC_SECRET 768e4c0fb37011755976148c28b805d70f8532db48cdcdb5560bc1d441f3c4e4 6397c945030cf1df9be8ee2741b42789f3ea82571585443c3f602e055521d281
CLIENT_HANDSHAKE_TRAFFIC_SECRET 4152d1c0f6e8fdda7658bf2dc1b1c463a67bcd271166e748d60492275cc3019a c5d8308ee83e424af496e19ca8492b649eb65167ee3302070db3c6b4822cdaa7
SERVER_HANDSHAKE_TRAFFIC_SECRET 4152d1c0f6e8fdda7658bf2dc1b1c463a67bcd271166e748d60492275cc3019a 9b401e1370dc93b9810455e9533a5585e6aceb6860be0c18f4438fdc6e9dedde
CLIENT_TRAFFIC_SECRET_0 a6153e5eac19b246dfabb8dfd7efa1abc6402b3c386629c10964592ee3f829e5 68487cdd2e731619acd380b5a170d19c8418c2cd9ab1336e8921944f56f3c170
SERVER_TRAFFIC_SECRET_0 a6153e5eac19b246dfabb8dfd7efa1abc6402b3c386629c10964592ee3f829e5 da7d2f70a92efdcadbe7c6417bfecd6b8a6b7a779ae83251d19d3afc6101cde7
EXPORTER_SECRET a6153e5eac19b246dfabb8dfd7efa1abc6402b3c386629c10964592ee3f829e5 16096b52e3db735642a07043fe18d1744de22eabac36f18b928ddd0296bf13a2
CLIENT_TRAFFIC_SECRET_0 d69ba5d7e109b21f979a5f259b5e991acbe3f33d189291c9c23274d10d11d81a 547fe099bd77a93a33e2d4cd0019c4e442602162b60f8c28bb659d0162fc8854
SERVER_TRAFFIC_SECRET_0 d69ba5d7e109b21f979a5f259b5e991acbe3f33d189291c9c23274d10d11d81a 5e8092eaed1ec9dc372c2c0a7afbad7b1ad96bb3a3bfa5ce1d7da0e9e1726b7b
EXPORTER_SECRET d69ba5d7e109b21f979a5f259b5e991acbe3f33d189291c9c23274d10d11d81a 37ab14517171f8aa9f0507ce8d125417478ca6159e7e4d3886ea7f177bdc98bf
CLIENT_TRAFFIC_SECRET_0 5d0c990268e517e8b05e3921c1b0dd2b572db62ad5718e042e5e6f7ef8a2167d 6cb94ce1238c83d41d2a068a7d2b90be2792fffd538208d518f0eeb021b8e8f8
SERVER_TRAFFIC_SECRET_0 5d0c990268e517e8b05e3921c1b0dd2b572db62ad5718e042e5e6f7ef8a2167d 7bf86484cfb1cc96d5a586956edba0d4e81327124d4d0b4cf0406ffdcb375f5e
EXPORTER_SECRET 5d0c990268e517e8b05e3921c1b0dd2b572db62ad5718e042e5e6f7ef8a2167d 52f6edc6214b6a7322ce97b89cc5a5d43f19bf8eec027a28733e0025e88eb6f3
CLIENT_TRAFFIC_SECRET_0 7188c6ea9c1b06377ad101933dc4083e845f7e5bfa99059f4f4b01be0e0aa68c cefdad772298184d60f37f021d5126ca608ef18acaa9ed577bd3d9311e9fe9a0
SERVER_TRAFFIC_SECRET_0 7188c6ea9c1b06377ad101933dc4083e845f7e5bfa99059f4f4b01be0e0aa68c b160f68acf6717e689e302710cf39c0aa7e171460b1dcc1147a3bbe708186548
EXPORTER_SECRET 7188c6ea9c1b06377ad101933dc4083e845f7e5bfa99059f4f4b01be0e0aa68c e621d671da945a3e1469c86577af6bc02f7bd6a2cdb11100906c65f5936a0388
CLIENT_TRAFFIC_SECRET_0 a30d213b8e5bc6f49457cc08a9aa9e15086d7254a2893f44e0a6fbfaa834a38a b5eceebd59ee7af696dea36e87c693e1bc0efda69eed8e0bb387b685f5cd5989
SERVER_TRAFFIC_SECRET_0 a30d213b8e5bc6f49457cc08a9aa9e15086d7254a2893f44e0a6fbfaa834a38a c8d179efaae5a28e6ea2cc9f92521aa85d3c2361140024ec7faf06867caf2ff7
EXPORTER_SECRET a30d213b8e5bc6f49457cc08a9aa9e15086d7254a2893f44e0a6fbfaa834a38a fc70cd6e166929c8ef4b91c2f36f36ebc272d05ea93d459f9c40bccca70a3200
CLIENT_TRAFFIC_SECRET_0 b6721a33e979467a4eec52f0573b9c154f756f6ee1a9df4f4faa2578a77aa6c6 841063277a0c3e919d713313916f59ddeb6efa655b3305ccd3e382ef32d16b95
SERVER_TRAFFIC_SECRET_0 b6721a33e979467a4eec52f0573b9c154f756f6ee1a9df4f4faa2578a77aa6c6 5cda74a031173d01ea40c74433c1ab4344e59eb897ab44e53d0ceab648422860
EXPORTER_SECRET b6721a33e979467a4eec52f0573b9c154f756f6ee1a9df4f4faa2578a77aa6c6 14444d5459844dab3d94c34de8d856711b75dea61cfa4fedab77e6c6e6ad8753
CLIENT_TRAFFIC_SECRET_0 768e4c0fb37011755976148c28b805d70f8532db48cdcdb5560bc1d441f3c4e4 985ebb8c68157fc451c7249d797ca46c6341d43e471878c4c2dbb32ea1c5a8ac
SERVER_TRAFFIC_SECRET_0 768e4c0fb37011755976148c28b805d70f8532db48cdcdb5560bc1d441f3c4e4 9937242dd5d8b61063f778432cd5529b9e13d39ffc1c3b4e21c15a03d1e5448e
EXPORTER_SECRET 768e4c0fb37011755976148c28b805d70f8532db48cdcdb5560bc1d441f3c4e4 243f58369f59171054ff3d3518628991a58b85a9909cfd1a754c9c59f17c68bc
CLIENT_TRAFFIC_SECRET_0 4152d1c0f6e8fdda7658bf2dc1b1c463a67bcd271166e748d60492275cc3019a 6b253f987968a2ce5daf7fcbd28761c71ed5bd372a6b4bc482994b0eb5a11502
SERVER_TRAFFIC_SECRET_0 4152d1c0f6e8fdda7658bf2dc1b1c463a67bcd271166e748d60492275cc3019a 4e73953d6f6ce82559f2bada1044f2a115a2b3e7a26c6175b71939f7bdb9dc5a
EXPORTER_SECRET 4152d1c0f6e8fdda7658bf2dc1b1c463a67bcd271166e748d60492275cc3019a 4fd83982f17321fe7ba55708f2c25f949aac5dc951c12a04f30cfca567a00830
CLIENT_HANDSHAKE_TRAFFIC_SECRET 6803ce4ec613933385d15527c9acab141272fe7d741b6bd0f33aae9bffa40bc7 b2bd97e540c441c3a60f9ca1218a81c03e94acc421267d935cc32dca22191a74
SERVER_HANDSHAKE_TRAFFIC_SECRET 6803ce4ec613933385d15527c9acab141272fe7d741b6bd0f33aae9bffa40bc7 663b8ec78da9ece385be15c69588e94ee3658454043ee2db6f1478a529a3fb3a
CLIENT_TRAFFIC_SECRET_0 6803ce4ec613933385d15527c9acab141272fe7d741b6bd0f33aae9bffa40bc7 0d106b2cac761140dfa7b104b97821f0d5bc363c499a40ac69dd2e607b1b90be
SERVER_TRAFFIC_SECRET_0 6803ce4ec613933385d15527c9acab141272fe7d741b6bd0f33aae9bffa40bc7 b50640e402cbbcbc3240add939250b0bf1ad1b06c70f6b4c14301dfc081f4c87
EXPORTER_SECRET 6803ce4ec613933385d15527c9acab141272fe7d741b6bd0f33aae9bffa40bc7 df9697086348db46c3a5c7f7051781d03f27c470b0e698e3644408e14371747d
SERVER_HANDSHAKE_TRAFFIC_SECRET 9622a0606e8deeb648df8eb3414e3fe9f278a0f862e46ecbc90d6fe3e637e4c9 334220a8ec2b660d37d4fb29dafeed8a274058ff3c8ac699f570af26f5e616629328b7bd123a9f10d50ae2b89d70838a
EXPORTER_SECRET 9622a0606e8deeb648df8eb3414e3fe9f278a0f862e46ecbc90d6fe3e637e4c9 f47e662ac8a0be9f65f1c84896623b59191372f3459eb2f040440e8aa036609c580956214d9dcb9a2d7488fb7f23f01f
SERVER_TRAFFIC_SECRET_0 9622a0606e8deeb648df8eb3414e3fe9f278a0f862e46ecbc90d6fe3e637e4c9 6b58754399512d55e656877ecd37cd29cf4d8bf1ee5218600e82dadc0dd4fc0bd94c019c8a2b30d5c90f9798dd555c45
CLIENT_HANDSHAKE_TRAFFIC_SECRET 9622a0606e8deeb648df8eb3414e3fe9f278a0f862e46ecbc90d6fe3e637e4c9 ecfc4f969d26608ee5b82fdaf7fd083fd494376db82b285f64b85e43fbd657caf0126c6b56b3d215091d523311de0310
CLIENT_TRAFFIC_SECRET_0 9622a0606e8deeb648df8eb3414e3fe9f278a0f862e46ecbc90d6fe3e637e4c9 830ef8ca652da73a3b60398b22d6d210c404c4f9b0b77d9d77f3ac13bffda94d180758d6bb8627c3f04df1ffeb7c56d5
SERVER_HANDSHAKE_TRAFFIC_SECRET 1b742cbc5567afa3d8e31f0285797e25681da00a45f77f6f9312772a35d900ee 8e0a567d940b522264ebc64cef07be40dbb4604224ad914d377c22c79661b101ad4431d34d01deec917b699bf724d411
EXPORTER_SECRET 1b742cbc5567afa3d8e31f0285797e25681da00a45f77f6f9312772a35d900ee 632b341813585a35514d41eaf0b733d25e3617a7594de9355533f36d96301a270363175701da32bb66e05e1ffd2338ed
SERVER_TRAFFIC_SECRET_0 1b742cbc5567afa3d8e31f0285797e25681da00a45f77f6f9312772a35d900ee 877a0e54b9d9a342c9fbdf8cbc8c9e609f235478d73fadb8cbc0762ffc0ff5b01ade3e974f7362492239e95a8186b32c
CLIENT_HANDSHAKE_TRAFFIC_SECRET 1b742cbc5567afa3d8e31f0285797e25681da00a45f77f6f9312772a35d900ee 92a6517cf30da1a4a287d69414503fe38d7fab04f441ceed1e9990de16ab75faf427e93309aaace308951053e7cde325
CLIENT_TRAFFIC_SECRET_0 1b742cbc5567afa3d8e31f0285797e25681da00a45f77f6f9312772a35d900ee b512c88d3065ae2b268b828cd343bf7b1508b10b377119377234117415c2b392dd2deaddb22790e3187aeb297a044ad7
CLIENT_HANDSHAKE_TRAFFIC_SECRET a8fc885103e18a71d1619197c8520bc1207d7328591ae7fcb81c3e222032f289 092825b18ec255aae8de0a425c6856a58ef5f723735f6a3dbe23d38c00a9c52c
SERVER_HANDSHAKE_TRAFFIC_SECRET a8fc885103e18a71d1619197c8520bc1207d7328591ae7fcb81c3e222032f289 77e2f4a409df0088e2e9139385f503a63d77a3addc27e022686ee12abadbea8a
CLIENT_TRAFFIC_SECRET_0 a8fc885103e18a71d1619197c8520bc1207d7328591ae7fcb81c3e222032f289 94048e2729a46528da18059848c02ae2ac434643644018b7f10ec70a8110109a
SERVER_TRAFFIC_SECRET_0 a8fc885103e18a71d1619197c8520bc1207d7328591ae7fcb81c3e222032f289 59359ac1d75255d6891f614e1a60409ad31da18f94d77c7d8e93660e856a1bf3
EXPORTER_SECRET a8fc885103e18a71d1619197c8520bc1207d7328591ae7fcb81c3e222032f289 aa17461226e64b950b81dfaabf2396581ff3a2344287cb1d45d8cdc03a285131
CLIENT_HANDSHAKE_TRAFFIC_SECRET 7d12a7a8ce7c7dc03e06678faa0e9e1a5c6c55445cf762f889ec1cc502bbb571 53e87b8aba9093b5ab0d6199cd248c0198f7c7f56a409e307bfbfe50106833da
SERVER_HANDSHAKE_TRAFFIC_SECRET 7d12a7a8ce7c7dc03e06678faa0e9e1a5c6c55445cf762f889ec1cc502bbb571 b5748a6adc1a854b939598c6a9130bc3500d5059e4f905071896a64c6ce6a23e
CLIENT_TRAFFIC_SECRET_0 7d12a7a8ce7c7dc03e06678faa0e9e1a5c6c55445cf762f889ec1cc502bbb571 541a5b41a47fac9a1398b284b194d8d0a4a84b4c72323e2ab884169f9cdd68f9
SERVER_TRAFFIC_SECRET_0 7d12a7a8ce7c7dc03e06678faa0e9e1a5c6c55445cf762f889ec1cc502bbb571 61e70e45cea377c3ffe12f2c96e50405a9ca409a50cb4f4301d9a5c832c85ce6
EXPORTER_SECRET 7d12a7a8ce7c7dc03e06678faa0e9e1a5c6c55445cf762f889ec1cc502bbb571 86a17a44e22493a75bed1366965930d4bfb7942ca06d2740bd4c6eb642026340
CLIENT_HANDSHAKE_TRAFFIC_SECRET 39c5375465324e6afd8c046a1d563c607bf54991314a0eaae7c385ea127feffd 7703eb48b329b9550509e0e2b8bd6e9172833d2dd51c13610a143d2496dd9faa
SERVER_HANDSHAKE_TRAFFIC_SECRET 39c5375465324e6afd8c046a1d563c607bf54991314a0eaae7c385ea127feffd 83bfcd363d6eb724606fff429472c0c433cdf71fcd3b72f9f70ff8cc94afa1f9
CLIENT_TRAFFIC_SECRET_0 39c5375465324e6afd8c046a1d563c607bf54991314a0eaae7c385ea127feffd 60cc8fd658246d7018fd7e1debc504fc3baff6deef4e6a96b4166ac60b6bc18b
SERVER_TRAFFIC_SECRET_0 39c5375465324e6afd8c046a1d563c607bf54991314a0eaae7c385ea127feffd c57cc540d36280315efb16584b837b3d3ae664ef279cd20013f535536bd75626
EXPORTER_SECRET 39c5375465324e6afd8c046a1d563c607bf54991314a0eaae7c385ea127feffd 03319e4d16177b31990ec143e9bb07dfa5b9ec6142f9f9b99cc13cbc65a748f3
CLIENT_HANDSHAKE_TRAFFIC_SECRET 72d37df6df53967f8677f559ed62cf55abaffd10da119d3da1ffde050038cae7 500c71d25e9710a6c702eef29bb0809800b9680b94e83225aacccb90a758b2fc
SERVER_HANDSHAKE_TRAFFIC_SECRET 72d37df6df53967f8677f559ed62cf55abaffd10da119d3da1ffde050038cae7 8945a5c2e8be997bc4a47497a1f9537b7604aaea6b10673b4085c8bc825e24f5
CLIENT_TRAFFIC_SECRET_0 72d37df6df53967f8677f559ed62cf55abaffd10da119d3da1ffde050038cae7 4eb3168aea3e5ddfb593859ddf08469fff6758e32801fa8af5a88eaa0d32a0ed
SERVER_TRAFFIC_SECRET_0 72d37df6df53967f8677f559ed62cf55abaffd10da119d3da1ffde050038cae7 f5c0ce73636434bfa1a5dacaf378744268fb1529ede02f73ed0a059b5fded5ac
EXPORTER_SECRET 72d37df6df53967f8677f559ed62cf55abaffd10da119d3da1ffde050038cae7 ec8ca8fcb96d74eb60acbdac4ccdfd588e8fa46e9150fd70741017aa4bc6a297
CLIENT_HANDSHAKE_TRAFFIC_SECRET e586f1c54783bcb0f17e602342a6d7ba76fbd98feef00f534f454f2df9dd3a4f c2d1f7480bc30a4f4518c1892aa11845c8f37b91a007057fc76ed76ac53a1f00
SERVER_HANDSHAKE_TRAFFIC_SECRET e586f1c54783bcb0f17e602342a6d7ba76fbd98feef00f534f454f2df9dd3a4f d0af14925ab72e5d63d413544dd4e794c62eeb5714e04beb1d8260c36759ca7d
CLIENT_TRAFFIC_SECRET_0 e586f1c54783bcb0f17e602342a6d7ba76fbd98feef00f534f454f2df9dd3a4f 704091e046bd45f393b65c1c64e79484244ba523685ca079adf9c1e6c70bd9f5
SERVER_TRAFFIC_SECRET_0 e586f1c54783bcb0f17e602342a6d7ba76fbd98feef00f534f454f2df9dd3a4f a76d773648f79f623eeb55dc7343693f8ea8ae4e9a9142ca4fcdb30247ff2588
EXPORTER_SECRET e586f1c54783bcb0f17e602342a6d7ba76fbd98feef00f534f454f2df9dd3a4f da4e5fec40ced665d760f1ddd21be1d71cf45e017615886a36424dc612ee94b2
CLIENT_HANDSHAKE_TRAFFIC_SECRET 0816fdc8eaa57b2b37de9872008e4cc61d69ad6ec493537166d71647a451b3c1 1a860de64794485a4eacd721d5821d9bc38767e3110bbcad9bf30fb663766283
SERVER_HANDSHAKE_TRAFFIC_SECRET 0816fdc8eaa57b2b37de9872008e4cc61d69ad6ec493537166d71647a451b3c1 1709a6008f2120854a1592d6249833be9a4beeab679fc28c33b50048a82a9e05
CLIENT_TRAFFIC_SECRET_0 0816fdc8eaa57b2b37de9872008e4cc61d69ad6ec493537166d71647a451b3c1 a84209869ad0de857e0b9a72f16951111449c27a71f9ff2eeb432195a628b26f
SERVER_TRAFFIC_SECRET_0 0816fdc8eaa57b2b37de9872008e4cc61d69ad6ec493537166d71647a451b3c1 a78ef915048e1d1442e482185fc466241c1ebac8c497021d56ff5312a6828e73
EXPORTER_SECRET 0816fdc8eaa57b2b37de9872008e4cc61d69ad6ec493537166d71647a451b3c1 c683a0a29aa5a9607060b6e45d6890eadff5afa97070a4b83006ba0e40644cd1
CLIENT_HANDSHAKE_TRAFFIC_SECRET ed41f2d6203a95ed68303047d478a8dc8429e879ffc95e975033ad88c999afbc c71833c5c746731bc5f8918cd4bb90673bbc23c34a41bdb4f7d630d9e1d14f34
SERVER_HANDSHAKE_TRAFFIC_SECRET ed41f2d6203a95ed68303047d478a8dc8429e879ffc95e975033ad88c999afbc 8b3cd35a0693853bcf59b7cf2ff576fd3ef2004d13a57151a3a1f90cdd8fc18f
CLIENT_TRAFFIC_SECRET_0 ed41f2d6203a95ed68303047d478a8dc8429e879ffc95e975033ad88c999afbc 86fcb113e4d87df38d2dbd4acc539748fbdca2c2a1593e88b8328384acf3c675
SERVER_TRAFFIC_SECRET_0 ed41f2d6203a95ed68303047d478a8dc8429e879ffc95e975033ad88c999afbc 27efd0fc2283b954ecffe1129375253cefe04eec57d4d2ff2eb10735796e2967
EXPORTER_SECRET ed41f2d6203a95ed68303047d478a8dc8429e879ffc95e975033ad88c999afbc cb9e444bb7ceffe19d04c8e2f8755bac547b97119cbed92a1a220c4dc1920780
CLIENT_HANDSHAKE_TRAFFIC_SECRET de8befd9e873d93679c259af5949ebc46e7fe5bdb4ce0cd894180c48913c4104 c407cac89f17b41d0d5d795ff0f75a8902bb7d085248bcd589425adc368a108c
SERVER_HANDSHAKE_TRAFFIC_SECRET de8befd9e873d93679c259af5949ebc46e7fe5bdb4ce0cd894180c48913c4104 deed50dedc62bdbf0c5357389ddf23f49cf5423cc3fbcf6e39f7aa38030d9ad3
CLIENT_TRAFFIC_SECRET_0 de8befd9e873d93679c259af5949ebc46e7fe5bdb4ce0cd894180c48913c4104 4f496da9bb970698838932a9534eeccf1874b376241ba0de1f3474fe41fe5ceb
SERVER_TRAFFIC_SECRET_0 de8befd9e873d93679c259af5949ebc46e7fe5bdb4ce0cd894180c48913c4104 e628ad2347dfe946224de64e6b79dc8f92f0182c127c572599dcca3ca4e4f616
EXPORTER_SECRET de8befd9e873d93679c259af5949ebc46e7fe5bdb4ce0cd894180c48913c4104 40815d530e46b7279e5740811acbf4b4f9effd44eea82727f997e9ab8a0db270
CLIENT_EARLY_TRAFFIC_SECRET 0bc3235624785316e7b633862248aed236689cd79de0989804844d59ec17a70c c21bbf3021ae0c58e114f774b59571419ee3d6cfa591caae9463f526285ea729
CLIENT_HANDSHAKE_TRAFFIC_SECRET 3fa168f56df5b5d1db1140b7603a98ad92865e3037bde246aeb112925921e730 14c983709bc7152a6c0bd8e49642531e3701d217c5d415e952c460cad3840a82
SERVER_HANDSHAKE_TRAFFIC_SECRET 3fa168f56df5b5d1db1140b7603a98ad92865e3037bde246aeb112925921e730 f5f4f86d2bf6ca49e7ad03f432992c8e53f21494c463bb704232d9c49bd38034
CLIENT_TRAFFIC_SECRET_0 3fa168f56df5b5d1db1140b7603a98ad92865e3037bde246aeb112925921e730 67ac71e8a18b7011c84b33a5c4ca26f18558a2868e9dbf939f5ce2daa11fe227
SERVER_TRAFFIC_SECRET_0 3fa168f56df5b5d1db1140b7603a98ad92865e3037bde246aeb112925921e730 73e6c105f7c44f3a35cca3025321c76dcefff38c773353e62372769efbc3769e
EXPORTER_SECRET 3fa168f56df5b5d1db1140b7603a98ad92865e3037bde246aeb112925921e730 9cb20b405b28e18a761920471533680265b5130f9daf628aa93f73c8d75efbd3
CLIENT_HANDSHAKE_TRAFFIC_SECRET 608092193f931d742cbbe95384f3ce28f3ca340afdfe3bfd4ed23002e6609c1a d679a2638c4c585e440472dc7425a0c14cb2f2c6b970c664f40b47887e1da19b
SERVER_HANDSHAKE_TRAFFIC_SECRET 608092193f931d742cbbe95384f3ce28f3ca340afdfe3bfd4ed23002e6609c1a 4918480e614df351f808aa69237ff543eeab8989f9c352d581b78271e55d4f6e
CLIENT_TRAFFIC_SECRET_0 608092193f931d742cbbe95384f3ce28f3ca340afdfe3bfd4ed23002e6609c1a bea4d8c3ead423e24c1df1a106a02176f919c87c0add97a9f6fb8e1462b2389a
SERVER_TRAFFIC_SECRET_0 608092193f931d742cbbe95384f3ce28f3ca340afdfe3bfd4ed23002e6609c1a 988d778f4ec2b0209497921479a4187b1da0d369753e48abd04811057f6df0ad
EXPORTER_SECRET 608092193f931d742cbbe95384f3ce28f3ca340afdfe3bfd4ed23002e6609c1a 50786eb9646db7de15e4b8cca8b2e8c53260168dd4f52eea58ecd2f09c2eceb8
CLIENT_HANDSHAKE_TRAFFIC_SECRET 9df237d4992259c438293c5ab08f8e3fb23daab1ca6353720f7d244c5e25b5bd 400e641f688f9c3610142f1d6068063d0efdb6c291d029283cfa588dbe53e908
SERVER_HANDSHAKE_TRAFFIC_SECRET 9df237d4992259c438293c5ab08f8e3fb23daab1ca6353720f7d244c5e25b5bd dae338690a0496c423bf3e6454d4e35e6d49eaa1abb743523cd63152ee3e913e
CLIENT_TRAFFIC_SECRET_0 9df237d4992259c438293c5ab08f8e3fb23daab1ca6353720f7d244c5e25b5bd b41f9a1c860ff40a0006325ccd2a36a1dda8a77dd864603e1815e55b8ae8cf66
SERVER_TRAFFIC_SECRET_0 9df237d4992259c438293c5ab08f8e3fb23daab1ca6353720f7d244c5e25b5bd f19098088f082533d0fb16f121908b52b1d9e2e5612bb74dc1c75617f46ff3e0
EXPORTER_SECRET 9df237d4992259c438293c5ab08f8e3fb23daab1ca6353720f7d244c5e25b5bd 3b0e32cea2da96cb9ba24a6e67c1df75c83e56d88a73be49cd23bc7932bd2479
CLIENT_EARLY_TRAFFIC_SECRET aedec7413a2044200707bc3d83d5b428abf8ccf21474ede917c58cf312c3462d b8b185d27fa5b8fc7c110ad9a1b95e0bf4763084f773d055818a23f339f32313
CLIENT_HANDSHAKE_TRAFFIC_SECRET ac0281e816766bce69b2c7d251478eb2de5ceff103f4028e0bab12efce3fce05 c068462aaa472a7d0969194cd03209d7f5bef067ca975c35bc9fd6c8e69e6f04
SERVER_HANDSHAKE_TRAFFIC_SECRET ac0281e816766bce69b2c7d251478eb2de5ceff103f4028e0bab12efce3fce05 30e28b49c87c76c840b392592d2112bc8397332af0c2461d1087da4248bf0e17
CLIENT_TRAFFIC_SECRET_0 ac0281e816766bce69b2c7d251478eb2de5ceff103f4028e0bab12efce3fce05 bc23d12e5ae4dd00919ead8629e360f670ec144179e0b16aa01bf3eafb930bac
SERVER_TRAFFIC_SECRET_0 ac0281e816766bce69b2c7d251478eb2de5ceff103f4028e0bab12efce3fce05 a20b7fb1d341770a175e723df2b0c536ef94c4a8f30f636c3b9d7653849fe30f
EXPORTER_SECRET ac0281e816766bce69b2c7d251478eb2de5ceff103f4028e0bab12efce3fce05 2fadecb9566520668213de5b27d1dc6f9f5cb8d237775e356210059bdfa1956f
CLIENT_EARLY_TRAFFIC_SECRET bb8a6a1b86ba6495ed62d4d14f72b0c895a7c4bea16a8855e0307921742824f7 e31eb32aed15d8e2f52f16f81eab962246bdf51b3896ace53b30ab6e6cd94b2e
CLIENT_HANDSHAKE_TRAFFIC_SECRET bb8a6a1b86ba6495ed62d4d14f72b0c895a7c4bea16a8855e0307921742824f7 c68178c7b9911e421cb788b8381aa62b81349d5c1cc2ea23f2f7db1f3473b7e2
SERVER_HANDSHAKE_TRAFFIC_SECRET bb8a6a1b86ba6495ed62d4d14f72b0c895a7c4bea16a8855e0307921742824f7 93578370fcb72ef82d75766fe78c88f316c8ac63234439f0c85e258ebc17a4d3
CLIENT_TRAFFIC_SECRET_0 bb8a6a1b86ba6495ed62d4d14f72b0c895a7c4bea16a8855e0307921742824f7 92e9ad590ac5c243bced1605de6f4b58d4d3d3a1e2b0bffaec395c190d5467bf
SERVER_TRAFFIC_SECRET_0 bb8a6a1b86ba6495ed62d4d14f72b0c895a7c4bea16a8855e0307921742824f7 66acd9e6077d1fe1a5f7e9de357319959db56744142270052806eb9af60d207b
EXPORTER_SECRET bb8a6a1b86ba6495ed62d4d14f72b0c895a7c4bea16a8855e0307921742824f7 9516282011fa8cf612617bc49fbb107d7b8e262aab31efd105a55daf9c438e46
CLIENT_HANDSHAKE_TRAFFIC_SECRET 4c13da71ab6cb13095a271c095fe9b9462fc62fd991445f833d59d1cd33e3efe 1b6e8e1a0b4f474644b9fde168c3f028dc2eb8ca098647ee5f4ae5e32e1298fe
SERVER_HANDSHAKE_TRAFFIC_SECRET 4c13da71ab6cb13095a271c095fe9b9462fc62fd991445f833d59d1cd33e3efe 34a233401bd489622f621c023b2f5a05669b1a3976b6fd432e4ef3e078fcb8bc
CLIENT_TRAFFIC_SECRET_0 4c13da71ab6cb13095a271c095fe9b9462fc62fd991445f833d59d1cd33e3efe e1506b788886325af9087ce5354f34af99d9e4c08a2458c5237f8421751b507a
SERVER_TRAFFIC_SECRET_0 4c13da71ab6cb13095a271c095fe9b9462fc62fd991445f833d59d1cd33e3efe 39ad0681d3f93a249c3c206be3bcae756785e673171da6cbb406d4f0b2c4158c
EXPORTER_SECRET 4c13da71ab6cb13095a271c095fe9b9462fc62fd991445f833d59d1cd33e3efe 65a1d28d48da2ae7cb24472243cf38cf6afd38a389601d9874fb60b9d1b84cf8
